15:43:10.496 INFO [main]: org.quartz.impl.StdSchedulerFactory [StdSchedulerFactory.java:1175] - Using default implementation for ThreadExecutor
15:43:10.509 INFO [main]: org.quartz.core.SchedulerSignalerImpl [SchedulerSignalerImpl.java:61] - Initialized Scheduler Signaller of type: class org.quartz.core.SchedulerSignalerImpl
15:43:10.510 INFO [main]: org.quartz.core.QuartzScheduler [QuartzScheduler.java:243] - Quartz Scheduler v.2.1.7 created.
15:43:10.511 INFO [main]: org.quartz.simpl.RAMJobStore [RAMJobStore.java:154] - RAMJobStore initialized.
15:43:10.512 INFO [main]: org.quartz.core.QuartzScheduler [QuartzScheduler.java:268] - Scheduler meta-data: Quartz Scheduler (v2.1.7) 'QuartzScheduler' with instanceId 'NON_CLUSTERED'
  Scheduler class: 'org.quartz.core.QuartzScheduler' - running locally.
  NOT STARTED.
  Currently in standby mode.
  Number of jobs executed: 0
  Using thread pool 'org.quartz.simpl.SimpleThreadPool' - with 1 threads.
  Using job-store 'org.quartz.simpl.RAMJobStore' - which does not support persistence. and is not clustered.

15:43:10.513 INFO [main]: org.quartz.impl.StdSchedulerFactory [StdSchedulerFactory.java:1324] - Quartz scheduler 'QuartzScheduler' initialized from an externally provided properties instance.
15:43:10.513 INFO [main]: org.quartz.impl.StdSchedulerFactory [StdSchedulerFactory.java:1328] - Quartz scheduler version: 2.1.7
15:43:10.513 INFO [main]: org.quartz.core.QuartzScheduler [QuartzScheduler.java:534] - Scheduler QuartzScheduler_$_NON_CLUSTERED started.
15:43:10.513 INFO [main]: com.aionemu.loginserver.LoginServer [LoginServer.java:119] - 2026-09-05 15-43-10
15:43:10.514 INFO [main]: com.aionemu.loginserver.configs.Config [Config.java:125] - Loading: myls.properties
15:43:10.514 INFO [main]: com.aionemu.loginserver.configs.Config [Config.java:128] - No override properties found
15:43:10.545 INFO [main]: com.aionemu.loginserver.configs.Config [Config.java:134] - Loading: ./config/network/network.properties
15:43:10.552 INFO [main]: com.aionemu.loginserver.configs.Config [Config.java:136] - Loading: ./config/network/svstats.properties
15:43:10.552 INFO [main]: com.aionemu.loginserver.configs.Config [Config.java:138] - Loading: ./config/network/commons.properties
15:43:10.552 INFO [main]: com.aionemu.loginserver.configs.Config [Config.java:140] - Loading: ./config/network/database.properties
15:43:10.705 INFO [main]: com.aionemu.commons.database.DatabaseFactory [DatabaseFactory.java:126] - Successfully connected to database
15:43:11.468 INFO [main]: com.aionemu.commons.database.dao.DAOManager [DAOManager.java:89] - Loaded 10 DAO implementations.
15:43:11.482 INFO [main]: com.aionemu.loginserver.utils.ThreadPoolManager [ThreadPoolManager.java:67] - ThreadPoolManager: Initialized with 44 scheduler, 22 instant, 0 long running thread(s).
15:43:11.482 INFO [main]: com.aionemu.loginserver.network.ncrypt.KeyGen [KeyGen.java:60] - Initializing Key Generator...
15:43:11.745 INFO [main]: com.aionemu.loginserver.GameServerTable [GameServerTable.java:69] - GameServerTable loaded 1 registered GameServers.
15:43:11.747 INFO [main]: com.aionemu.loginserver.controller.BannedIpController [BannedIpController.java:71] - BannedIpController loaded 0 IP bans.
15:43:11.763 INFO [main]: com.aionemu.commons.network.NioServer [NioServer.java:119] - Server listening on all available IPs on Port 9014 for Gs Connections
15:43:11.765 INFO [main]: com.aionemu.commons.network.NioServer [NioServer.java:119] - Server listening on all available IPs on Port 2106 for Aion Connections
15:43:11.774 INFO [main]: com.aionemu.loginserver.service.PlayerTransferService [PlayerTransferService.java:68] - PlayerTransferService will be initialized in 10 sec.
15:43:11.775 INFO [main]: com.aionemu.loginserver.taskmanager.TaskFromDBManager [TaskFromDBManager.java:39] - Loaded 0 task from the database
15:43:11.776 INFO [main]: com.aionemu.commons.utils.AEInfos [AEInfos.java:135] - OS: Windows 11 Build: 10.0
15:43:11.776 INFO [main]: com.aionemu.commons.utils.AEInfos [AEInfos.java:135] - OS Arch: amd64
15:43:11.776 INFO [main]: com.aionemu.commons.utils.AEInfos [AEInfos.java:135] - ..................................................
15:43:11.776 INFO [main]: com.aionemu.commons.utils.AEInfos [AEInfos.java:135] - ..................................................
15:43:11.776 INFO [main]: com.aionemu.commons.utils.AEInfos [AEInfos.java:130] - Available CPU(s): 16
15:43:11.776 INFO [main]: com.aionemu.commons.utils.AEInfos [AEInfos.java:130] - Processor(s) Identifier: Intel64 Family 6 Model 183 Stepping 1, GenuineIntel
15:43:11.777 INFO [main]: com.aionemu.commons.utils.AEInfos [AEInfos.java:130] - ..................................................
15:43:11.777 INFO [main]: com.aionemu.commons.utils.AEInfos [AEInfos.java:130] - ..................................................
15:43:11.777 INFO [main]: com.aionemu.commons.utils.AEInfos [AEInfos.java:140] - Java Platform Information
15:43:11.777 INFO [main]: com.aionemu.commons.utils.AEInfos [AEInfos.java:140] - Java Runtime  Name: OpenJDK Runtime Environment
15:43:11.777 INFO [main]: com.aionemu.commons.utils.AEInfos [AEInfos.java:140] - Java Version: 17.0.11
15:43:11.777 INFO [main]: com.aionemu.commons.utils.AEInfos [AEInfos.java:140] - Java Class Version: 61.0
15:43:11.777 INFO [main]: com.aionemu.commons.utils.AEInfos [AEInfos.java:140] - ..................................................
15:43:11.777 INFO [main]: com.aionemu.commons.utils.AEInfos [AEInfos.java:140] - ..................................................
15:43:11.777 INFO [main]: com.aionemu.commons.utils.AEInfos [AEInfos.java:145] - Virtual Machine Information (JVM)
15:43:11.777 INFO [main]: com.aionemu.commons.utils.AEInfos [AEInfos.java:145] - JVM Name: OpenJDK 64-Bit Server VM
15:43:11.777 INFO [main]: com.aionemu.commons.utils.AEInfos [AEInfos.java:145] - JVM installation directory: C:\Program Files\Eclipse Adoptium\jdk-17.0.11.9-hotspot
15:43:11.777 INFO [main]: com.aionemu.commons.utils.AEInfos [AEInfos.java:145] - JVM version: 17.0.11+9
15:43:11.777 INFO [main]: com.aionemu.commons.utils.AEInfos [AEInfos.java:145] - JVM Vendor: Eclipse Adoptium
15:43:11.778 INFO [main]: com.aionemu.commons.utils.AEInfos [AEInfos.java:145] - JVM Info: mixed mode, sharing
15:43:11.778 INFO [main]: com.aionemu.commons.utils.AEInfos [AEInfos.java:145] - ..................................................
15:43:11.778 INFO [main]: com.aionemu.commons.utils.AEInfos [AEInfos.java:145] - ..................................................
15:43:11.778 INFO [main]: com.aionemu.commons.utils.AEInfos [AEInfos.java:125] - +----
15:43:11.778 INFO [main]: com.aionemu.commons.utils.AEInfos [AEInfos.java:125] - | Global Memory Informations at 15:43:11:
15:43:11.778 INFO [main]: com.aionemu.commons.utils.AEInfos [AEInfos.java:125] - |    |
15:43:11.778 INFO [main]: com.aionemu.commons.utils.AEInfos [AEInfos.java:125] - | Allowed Memory: 1048576 KB
15:43:11.779 INFO [main]: com.aionemu.commons.utils.AEInfos [AEInfos.java:125] - |    |= Allocated Memory: 524288 KB (50.0000%)
15:43:11.779 INFO [main]: com.aionemu.commons.utils.AEInfos [AEInfos.java:125] - |    |= Non-Allocated Memory: 524288 KB (50.0000%)
15:43:11.779 INFO [main]: com.aionemu.commons.utils.AEInfos [AEInfos.java:125] - | Allocated Memory: 524288 KB
15:43:11.779 INFO [main]: com.aionemu.commons.utils.AEInfos [AEInfos.java:125] - |    |= Used Memory: 96242 KB (9.1784%)
15:43:11.779 INFO [main]: com.aionemu.commons.utils.AEInfos [AEInfos.java:125] - |    |= Unused (cached) Memory: 428046 KB (40.8216%)
15:43:11.780 INFO [main]: com.aionemu.commons.utils.AEInfos [AEInfos.java:125] - | Useable Memory: 952334 KB (90.8216%)
15:43:11.780 INFO [main]: com.aionemu.commons.utils.AEInfos [AEInfos.java:125] - +----
15:43:11.780 INFO [main]: PREMIUM_CTRL [PremiumController.java:49] - PremiumController is ready for requests.
15:43:11.780 INFO [main]: com.aionemu.loginserver.LoginServer [LoginServer.java:153] - AL Login Server started in 1 seconds.
15:43:21.793 INFO [pool-2-thread-2]: com.aionemu.loginserver.service.PlayerTransferService [PlayerTransferService.java:76] - PlayerTransfer perform task init. 0 new tasks.
15:43:55.452 INFO [AcceptReadWrite Dispatcher]: com.aionemu.loginserver.network.gameserver.GsConnection [GsConnection.java:277] - Gameserver connection attemp from: 127.0.0.1
15:43:55.459 INFO [pool-3-thread-1]: com.aionemu.loginserver.network.gameserver.clientpackets.CM_GS_AUTH [CM_GS_AUTH.java:101] - Gameserver #1 is now online.
15:44:00.467 INFO [pool-2-thread-7]: com.aionemu.loginserver.PingPongThread [PingPongThread.java:54] - PingPong for gameserver #1 has started.
